// Jest Snapshot v1, https://goo.gl/fbAQLP

exports[`OTP renders correctly 1`] = `
<div
  className="otp"
>
  <h1>
    One Time Password Generator
  </h1>
  <section>
    <input
      readOnly={true}
      value=""
    />
    <button
      disabled={false}
      onClick={[Function]}
    >
      Generate one time password 
    </button>
    <p />
  </section>
  <button
    onClick={[Function]}
  >
    Validate password
  </button>
</div>
`;
